// Jest Snapshot v1, https://goo.gl/fbAQLP

exports[`Nav renders as expected 1`] = `
<div>
  <nav
    className="navbar navbar-expand-lg navbar-dark bg-dark"
  >
    <button
      aria-controls="navbarNav"
      aria-expanded="false"
      aria-label="Toggle navigation"
      className="navbar-toggler"
      data-target="#navbarNav"
      data-toggle="collapse"
      type="button"
    >
      <span
        className="navbar-toggler-icon"
      />
    </button>
    <div
      className="collapse navbar-collapse"
      id="navbarNav"
    >
      <ul
        className="navbar-nav"
      >
        <li
          className="nav-item"
        >
          <Link
            className="nav-link"
            replace={false}
            to="/counters"
          >
            Counters
          </Link>
        </li>
        <li
          className="nav-item"
        >
          <Link
            className="nav-link"
            replace={false}
            to="/users"
          >
            Users
          </Link>
        </li>
        <li
          className="nav-item"
        >
          <Link
            className="nav-link"
            replace={false}
            to="/about"
          >
            About
          </Link>
        </li>
      </ul>
    </div>
  </nav>
</div>
`;
